// Jest Snapshot v1, https://goo.gl/fbAQLP

exports[`NewsContent component should match snapshot 1`] = `
<article
  className="news__article"
>
  <a
    rel="noopener noreferrer"
    target="_blank"
  >
    <div
      className="news__img"
      style={
        Object {
          "backgroundImage": "url(undefined)",
        }
      }
    />
  </a>
  <div
    className="news__info"
  >
    <h4
      className="news__title"
    />
    <p
      className="news__desc"
    />
    <p
      className="news__auth"
    >
      By: 
    </p>
  </div>
</article>
`;
