// Jest Snapshot v1, https://goo.gl/fbAQLP

exports[`NavRoute component should match snapshot 1`] = `
<div>
  <Route
    path="/"
    render={[Function]}
  />
  <Route
    component={[Function]}
    exact={true}
    path="/"
  />
  <Route
    component={[Function]}
    exact={true}
    path="/ISS"
  />
</div>
`;

exports[`NavRoute component should match snapshot with / path 1`] = `
<div>
  <Route
    path="/"
    render={[Function]}
  />
  <Route
    component={[Function]}
    exact={true}
    path="/"
  />
  <Route
    component={[Function]}
    exact={true}
    path="/ISS"
  />
</div>
`;

exports[`NavRoute component should match snapshot with /profile path 1`] = `
<div>
  <Route
    path="/"
    render={[Function]}
  />
  <Route
    component={[Function]}
    exact={true}
    path="/"
  />
  <Route
    component={[Function]}
    exact={true}
    path="/ISS"
  />
</div>
`;
