// Jest Snapshot v1, https://goo.gl/fbAQLP

exports[`PageContentRoute component should match snapshot 1`] = `
<Switch>
  <Route
    component={[Function]}
    exact={true}
    path="/launch"
  />
  <Route
    component={[Function]}
    exact={true}
    path="/profile"
  />
  <Route
    component={[Function]}
    exact={true}
    path="/news"
  />
  <Route
    component={[Function]}
    path="/ISS/*"
  />
  <Route
    component={[Function]}
    path="/journey"
  />
</Switch>
`;
