// Jest Snapshot v1, https://goo.gl/fbAQLP

exports[`PlanetIcon component should match planetIcon snapshot 1`] = `
<div
  className="planet__wrapper"
>
  <div
    className="planet"
    style={
      Object {
        "backgroundImage": "url(images/alternate/exoplanet_habitable_1.png)",
      }
    }
  />
</div>
`;
