// Jest Snapshot v1, https://goo.gl/fbAQLP

exports[`PreLaunchNav component should match snapshot 1`] = `
<div
  className="preLaunchNav"
>
  <Link
    className="launch"
    replace={false}
    to="/Launch"
  >
    <p>
      launch!
    </p>
  </Link>
  <Link
    className="news"
    replace={false}
    to="/News"
  >
    <p>
      news
    </p>
  </Link>
</div>
`;
